Microchip MPLAB XC8 Compiler V2.45

Linker command line:

-W-3 \
  --edf=C:\Program Files\Microchip\xc8\v2.45\pic\dat\20230818022343_en.msgs \
  -cn -h+dist/default/debug\Digital_Lock.debug.sym \
  --cmf=dist/default/debug\Digital_Lock.debug.cmf -z -Q16F877A \
  -oC:\Users\moham\AppData\Local\Temp\xcCs47s.2\driver_tmp_3.o \
  --defsym=__MPLAB_BUILD=1 --fixupoverflow=error \
  -Mdist/default/debug/Digital_Lock.debug.map \
  --md=C:\Users\moham\AppData\Local\Temp\xcCs47s.2\driver_tmp_0.dat -E1 \
  -ver=XC8 Compiler --acfsm=1493 -ACODE=00h-07FFhx4 -ASTRCODE=00h-01FFFh \
  -ASTRING=00h-0FFhx32 -ACONST=00h-0FFhx32 -AENTRY=00h-0FFhx32 \
  -ACOMMON=070h-07Fh -ABANK0=020h-06Fh -ABANK1=0A0h-0EFh \
  -ABANK2=0110h-016Fh -ABANK3=0190h-01EFh \
  -ARAM=020h-06Fh,0A0h-0EFh,0110h-016Fh,0190h-01EFh \
  -AABS1=020h-07Fh,0A0h-0EFh,0110h-016Fh,0190h-01EFh -ASFR0=00h-01Fh \
  -ASFR1=080h-09Fh -ASFR2=0100h-010Fh -ASFR3=0180h-018Fh \
  -ACONFIG=02007h-02007h -DCONFIG=2 -AIDLOC=02000h-02003h -DIDLOC=2 \
  -AEEDATA=00h-0FFh/02100h -peeprom_data=EEDATA -DEEDATA=2 -DCODE=2 \
  -DSTRCODE=2 -DSTRING=2 -DCONST=2 -DENTRY=2 \
  -preset_vec=00h,intentry=04h,init,end_init -ppowerup=CODE -pcinit=CODE \
  -pfunctab=ENTRY -k \
  C:\Users\moham\AppData\Local\Temp\xcCs47s.2\driver_tmp_12.o \
  dist/default/debug\Digital_Lock.debug.o 

Object code version is 3.11

Machine type is 16F877A



                Name                               Link     Load   Length Selector   Space Scale
C:\Users\moham\AppData\Local\Temp\xcCs47s.2\driver_tmp_12.o
                end_init                              E        E        3        8       0
                reset_vec                             0        0        3        0       0
                config                             2007     2007        1        0       4
dist/default/debug\Digital_Lock.debug.o
                cinit                                11       11        E        8       0
                intentry                              4        4        A        8       0
                config                             2007     2007        1        0       4
                text18                              704      704       1F      938       0
                text17                              79C      79C        F      938       0
                text16                              63B      63B       30      938       0
                text15                              6E2      6E2       22      938       0
                text14                              776      776       15      938       0
                text13                              49C      49C       61      938       0
                text12                              741      741       1E      938       0
                text11                              54E      54E       44      938       0
                text10                              5CD      5CD       3A      938       0
                text9                               6BD      6BD       25      938       0
                text8                               723      723       1E      938       0
                text7                               607      607       34      938       0
                text6                               78B      78B       11      938       0
                text5                               4FD      4FD       51      938       0
                text4                               592      592       3B      938       0
                text3                               694      694       29      938       0
                text2                               66B      66B       29      938       0
                text1                               75F      75F       17      938       0
                maintext                             1F       1F      3DB        8       0
                cstackBANK0                          20       20        B       20       1
                cstackCOMMON                         70       70        A       70       1
                dataBANK0                            30       30        1       20       1
                bssBANK0                             2B       2B        3       20       1
                bssCOMMON                            7A       7A        1       70       1
                strings                             400      400       9C      800       0
                nvBANK0                              2E       2E        2       20       1
                idataBANK0                          7AB      7AB        1      938       0

TOTAL           Name                               Link     Load   Length     Space
        CLASS   CODE           
                end_init                              E        E        3         0
                cinit                                11       11        E         0
                intentry                              4        4        A         0
                reset_vec                             0        0        3         0
                text18                              704      704       1F         0
                text17                              79C      79C        F         0
                text16                              63B      63B       30         0
                text15                              6E2      6E2       22         0
                text14                              776      776       15         0
                text13                              49C      49C       61         0
                text12                              741      741       1E         0
                text11                              54E      54E       44         0
                text10                              5CD      5CD       3A         0
                text9                               6BD      6BD       25         0
                text8                               723      723       1E         0
                text7                               607      607       34         0
                text6                               78B      78B       11         0
                text5                               4FD      4FD       51         0
                text4                               592      592       3B         0
                text3                               694      694       29         0
                text2                               66B      66B       29         0
                text1                               75F      75F       17         0
                maintext                             1F       1F      3DB         0
                idataBANK0                          7AB      7AB        1         0

        CLASS   STRCODE        

        CLASS   STRING         
                strings                             400      400       9C         0

        CLASS   CONST          

        CLASS   ENTRY          

        CLASS   COMMON         
                cstackCOMMON                         70       70        A         1
                bssCOMMON                            7A       7A        1         1

        CLASS   BANK0          
                cstackBANK0                          20       20        B         1
                dataBANK0                            30       30        1         1
                bssBANK0                             2B       2B        3         1
                nvBANK0                              2E       2E        2         1

        CLASS   BANK1          

        CLASS   BANK2          

        CLASS   BANK3          

        CLASS   RAM            

        CLASS   ABS1           
                abs_s1                               7E       7E        2         1

        CLASS   SFR0           

        CLASS   SFR1           

        CLASS   SFR2           

        CLASS   SFR3           

        CLASS   CONFIG         
                config                             2007     2007        1         4

        CLASS   IDLOC          

        CLASS   EEDATA         

        CLASS   HEAP           

        CLASS   STACK          



SEGMENTS        Name                           Load    Length   Top    Selector   Space  Class     Delta

                reset_vec                      000000  000003  000003         0       0  CODE        2
                intentry                       000004  0003F6  0003FA         8       0  CODE        2
                cstackBANK0                    000020  000011  000031        20       1  BANK0       1
                cstackCOMMON                   000070  00000B  00007B        70       1  COMMON      1
                strings                        000400  00009C  00049C       800       0  STRING      2
                text13                         00049C  000310  0007AC       938       0  CODE        2


UNUSED ADDRESS RANGES

        Name                Unused          Largest block    Delta
        BANK0            0031-006F             3F           1
        BANK1            00A0-00EF             50           1
        BANK2            0110-016F             60           1
        BANK3            0190-01EF             60           1
        CODE             0003-0003              1           2
                         03FA-03FF              6
                         07AC-1FFF            800
        COMMON           007B-007D              3           1
        CONST            0003-0003              1           2
                         03FA-03FF              6
                         07AC-1FFF            100
        EEDATA           2100-21FF            100           2
        ENTRY            0003-0003              1           2
                         03FA-03FF              6
                         07AC-1FFF            100
        IDLOC            2000-2003              4           2
        RAM              0031-006F             3F           1
                         00A0-00EF             50
                         0110-016F             60
                         0190-01EF             60
        SFR0             0000-001F             20           1
        SFR1             0080-009F             20           1
        SFR2             0100-010F             10           1
        SFR3             0180-018F             10           1
        STRCODE          0003-0003              1           2
                         03FA-03FF              6
                         07AC-1FFF           1854
        STRING           0003-0003              1           2
                         03FA-03FF              6
                         07AC-1FFF            100

                                  Symbol Table

?___lwdiv                  cstackCOMMON 0073
?___lwmod                  cstackCOMMON 0073
?___wmul                   cstackCOMMON 0073
EEPROM_Read@address        cstackCOMMON 0073
EEPROM_Read@data           cstackCOMMON 0074
EEPROM_Write@GIE_STATE     cstackBANK0  0022
EEPROM_Write@address       cstackBANK0  0021
EEPROM_Write@data          cstackBANK0  0020
LCD_CMD@CMD                cstackCOMMON 0075
LCD_DATA_4BIT@data         cstackCOMMON 0073
LCD_DISPLAY@state          cstackCOMMON 0077
LCD_SET_CURSOR@c           cstackCOMMON 0076
LCD_SET_CURSOR@high4       cstackBANK0  0021
LCD_SET_CURSOR@low4        cstackBANK0  0022
LCD_SET_CURSOR@r           cstackBANK0  0020
LCD_SET_CURSOR@temp        cstackBANK0  0023
LCD_SHOW_CURSOR@c          cstackCOMMON 0077
LCD_WRITE_CHAR@data        cstackCOMMON 0077
LCD_WRITE_CHAR@high4       cstackCOMMON 0076
LCD_WRITE_CHAR@low4        cstackCOMMON 0075
LCD_WRITE_STRING@i         cstackBANK0  0020
LCD_WRITE_STRING@str       cstackBANK0  0022
_EEADR                     (abs)        010D
_EECON1bits                (abs)        018C
_EECON2                    (abs)        018D
_EEDATA                    (abs)        010C
_EEPROM_Read               text17       079C
_EEPROM_Write              text16       063B
_GIE                       (abs)        005F
_ISR                       text18       0704
_LCD_CLEAR                 text6        078B
_LCD_CMD                   text14       0776
_LCD_DATA_4BIT             text15       06E2
_LCD_DISPLAY               text8        0723
_LCD_INIT                  text13       049C
_LCD_SET_CURSOR            text5        04FD
_LCD_SHOW_CURSOR           text12       0741
_LCD_WRITE_CHAR            text4        0592
_LCD_WRITE_STRING          text3        0694
_PEIE                      (abs)        005E
_RB0                       (abs)        0030
_RB1                       (abs)        0031
_RB2                       (abs)        0032
_RB3                       (abs)        0033
_RB4                       (abs)        0034
_RB5                       (abs)        0035
_RD0                       (abs)        0040
_RD1                       (abs)        0041
_RD2                       (abs)        0042
_RD3                       (abs)        0043
_T1CKPS0                   (abs)        0084
_T1CKPS1                   (abs)        0085
_TMR1                      (abs)        000E
_TMR1CS                    (abs)        0081
_TMR1IE                    (abs)        0460
_TMR1IF                    (abs)        0060
_TMR1ON                    (abs)        0080
_TRISB                     (abs)        0086
_TRISB4                    (abs)        0434
_TRISB5                    (abs)        0435
_TRISD0                    (abs)        0440
_TRISD1                    (abs)        0441
_TRISD2                    (abs)        0442
_TRISD3                    (abs)        0443
__H__absolute__            __absolute__ 0000
__Habs1                    abs1         0000
__Hbank0                   bank0        0000
__Hbank1                   bank1        0000
__Hbank2                   bank2        0000
__Hbank3                   bank3        0000
__HbssBANK0                bssBANK0     0000
__HbssCOMMON               bssCOMMON    0000
__Hcinit                   cinit        001F
__Hclrtext                 clrtext      0000
__Hcode                    code         0000
__Hcommon                  common       0000
__Hconfig                  config       2008
__HcstackBANK0             cstackBANK0  0000
__HcstackCOMMON            cstackCOMMON 0000
__HdataBANK0               dataBANK0    0000
__Heeprom_data             eeprom_data  0000
__Hend_init                end_init     0011
__Hfunctab                 functab      0000
__Hheap                    heap         0000
__HidataBANK0              idataBANK0   0000
__Hinit                    init         000E
__Hintentry                intentry     000E
__Hmaintext                maintext     0000
__HnvBANK0                 nvBANK0      0000
__Hpowerup                 powerup      0000
__Hram                     ram          0000
__Hreset_vec               reset_vec    0003
__Hsfr0                    sfr0         0000
__Hsfr1                    sfr1         0000
__Hsfr2                    sfr2         0000
__Hsfr3                    sfr3         0000
__Hspace_0                 (abs)        07AC
__Hspace_1                 (abs)        007B
__Hspace_2                 (abs)        0000
__Hspace_3                 (abs)        0000
__Hspace_4                 (abs)        400F
__Hstack                   stack        0000
__Hstrings                 strings      0000
__Htext                    text         0000
__L__absolute__            __absolute__ 0000
__Labs1                    abs1         0000
__Lbank0                   bank0        0000
__Lbank1                   bank1        0000
__Lbank2                   bank2        0000
__Lbank3                   bank3        0000
__LbssBANK0                bssBANK0     0000
__LbssCOMMON               bssCOMMON    0000
__Lcinit                   cinit        0011
__Lclrtext                 clrtext      0000
__Lcode                    code         0000
__Lcommon                  common       0000
__Lconfig                  config       0000
__LcstackBANK0             cstackBANK0  0000
__LcstackCOMMON            cstackCOMMON 0000
__LdataBANK0               dataBANK0    0000
__Leeprom_data             eeprom_data  0000
__Lend_init                end_init     000E
__Lfunctab                 functab      0000
__Lheap                    heap         0000
__LidataBANK0              idataBANK0   0000
__Linit                    init         000E
__Lintentry                intentry     0004
__Lmaintext                maintext     0000
__LnvBANK0                 nvBANK0      0000
__Lpowerup                 powerup      0000
__Lram                     ram          0000
__Lreset_vec               reset_vec    0000
__Lsfr0                    sfr0         0000
__Lsfr1                    sfr1         0000
__Lsfr2                    sfr2         0000
__Lsfr3                    sfr3         0000
__Lspace_0                 (abs)        0000
__Lspace_1                 (abs)        0000
__Lspace_2                 (abs)        0000
__Lspace_3                 (abs)        0000
__Lspace_4                 (abs)        0000
__Lstack                   stack        0000
__Lstrings                 strings      0000
__Ltext                    text         0000
__S0                       (abs)        07AC
__S1                       (abs)        007B
__S3                       (abs)        0000
___heap_hi                 (abs)        0000
___heap_lo                 (abs)        0000
___int_sp                  stack        0000
___int_stack_hi            stack        0000
___int_stack_lo            stack        0000
___latbits                 (abs)        0002
___lwdiv                   text11       054E
___lwdiv@counter           cstackCOMMON 0079
___lwdiv@dividend          cstackCOMMON 0075
___lwdiv@divisor           cstackCOMMON 0073
___lwdiv@quotient          cstackCOMMON 0077
___lwmod                   text10       05CD
___lwmod@counter           cstackCOMMON 0077
___lwmod@dividend          cstackCOMMON 0075
___lwmod@divisor           cstackCOMMON 0073
___sp                      stack        0000
___stack_hi                stack        0000
___stack_lo                stack        0000
___stackhi                 (abs)        0000
___stacklo                 (abs)        0000
___wmul                    text9        06BD
___wmul@multiplicand       cstackCOMMON 0075
___wmul@multiplier         cstackCOMMON 0073
___wmul@product            cstackCOMMON 0077
__end_of_EEPROM_Read       text17       07AB
__end_of_EEPROM_Write      text16       066B
__end_of_ISR               text18       0723
__end_of_LCD_CLEAR         text6        079C
__end_of_LCD_CMD           text14       078B
__end_of_LCD_DATA_4BIT     text15       0704
__end_of_LCD_DISPLAY       text8        0741
__end_of_LCD_INIT          text13       04FD
__end_of_LCD_SET_CURSOR    text5        054E
__end_of_LCD_SHOW_CURSOR   text12       075F
__end_of_LCD_WRITE_CHAR    text4        05CD
__end_of_LCD_WRITE_STRING  text3        06BD
__end_of___lwdiv           text11       0592
__end_of___lwmod           text10       0607
__end_of___wmul            text9        06E2
__end_of__initialization   cinit        001B
__end_of__stringtab        strings      0406
__end_of_blink             text7        063B
__end_of_main              maintext     03FA
__end_of_main_menu         text2        0694
__end_of_timer1_timermode  text1        0776
__initialization           cinit        0011
__pbssBANK0                bssBANK0     002B
__pbssCOMMON               bssCOMMON    007A
__pcstackBANK0             cstackBANK0  0020
__pcstackCOMMON            cstackCOMMON 0070
__pdataBANK0               dataBANK0    0030
__pidataBANK0              idataBANK0   07AB
__pintentry                intentry     0004
__pmaintext                maintext     001F
__pnvBANK0                 nvBANK0      002E
__pstrings                 strings      0400
__ptext1                   text1        075F
__ptext10                  text10       05CD
__ptext11                  text11       054E
__ptext12                  text12       0741
__ptext13                  text13       049C
__ptext14                  text14       0776
__ptext15                  text15       06E2
__ptext16                  text16       063B
__ptext17                  text17       079C
__ptext18                  text18       0704
__ptext2                   text2        066B
__ptext3                   text3        0694
__ptext4                   text4        0592
__ptext5                   text5        04FD
__ptext6                   text6        078B
__ptext7                   text7        0607
__ptext8                   text8        0723
__ptext9                   text9        06BD
__stringbase               strings      0405
__stringtab                strings      0400
_blink                     text7        0607
_counter                   bssCOMMON    007A
_digits                    bssBANK0     002D
_line                      dataBANK0    0030
_main                      maintext     001F
_main_menu                 text2        066B
_preload                   nvBANK0      002E
_screen                    bssBANK0     002B
_take_input                bssBANK0     002C
_timer1_timermode          text1        075F
blink@i                    cstackCOMMON 0078
btemp                      (abs)        007E
end_of_initialization      cinit        001B
interrupt_function         intentry     0004
intlevel0                  functab      0000
intlevel1                  functab      0000
intlevel2                  functab      0000
intlevel3                  functab      0000
intlevel4                  functab      0000
intlevel5                  functab      0000
main@check_input           cstackBANK0  0027
main@password              cstackBANK0  0029
reset_vec                  reset_vec    0000
saved_w                    (abs)        007E
start                      init         000E
start_initialization       cinit        0011
timer1_timermode@preloaded cstackCOMMON 0075
wtemp0                     (abs)        007E


MODULE INFORMATION

Module		Function		Class		Link	Load	Size
C:\Program Files\Microchip\xc8\v2.45\pic\sources\c99\common\Umul16.c
		___wmul        		CODE           	06BD	0000	37

C:\Program Files\Microchip\xc8\v2.45\pic\sources\c99\common\Umul16.c estimated size: 37

C:\Program Files\Microchip\xc8\v2.45\pic\sources\c99\common\lwmod.c
		___lwmod       		CODE           	05CD	0000	58

C:\Program Files\Microchip\xc8\v2.45\pic\sources\c99\common\lwmod.c estimated size: 58

shared
		__stringtab    		STRING         	0400	0000	6
		__initialization		CODE           	0011	0000	10

shared estimated size: 16

EEPROM_.c
		_EEPROM_Read   		CODE           	079C	0000	15
		_EEPROM_Write  		CODE           	063B	0000	48

EEPROM_.c estimated size: 63

main.c
		_ISR           		CODE           	0704	0000	31
		_main          		CODE           	001F	0000	987
		_main_menu     		CODE           	066B	0000	41
		_blink         		CODE           	0607	0000	52
		_timer1_timermode		CODE           	075F	0000	23

main.c estimated size: 1134

C:\Program Files\Microchip\xc8\v2.45\pic\sources\c99\common\lwdiv.c
		___lwdiv       		CODE           	054E	0000	68

C:\Program Files\Microchip\xc8\v2.45\pic\sources\c99\common\lwdiv.c estimated size: 68

LCD.c
		_LCD_WRITE_CHAR		CODE           	0592	0000	59
		_LCD_INIT      		CODE           	049C	0000	97
		_LCD_CMD       		CODE           	0776	0000	21
		_LCD_SHOW_CURSOR		CODE           	0741	0000	30
		_LCD_DISPLAY   		CODE           	0723	0000	30
		_LCD_DATA_4BIT 		CODE           	06E2	0000	34
		_LCD_SET_CURSOR		CODE           	04FD	0000	81
		_LCD_CLEAR     		CODE           	078B	0000	17
		_LCD_WRITE_STRING		CODE           	0694	0000	41

LCD.c estimated size: 410

